CREATE EXTENSION data_rig;
-- Check whether any of our opclasses fail amvalidate
SELECT amname, opcname
FROM pg_opclass opc LEFT JOIN pg_am am ON am.oid = opcmethod
WHERE opc.oid >= 16384 AND NOT amvalidate(opc.oid);
 amname | opcname 
--------+---------
(0 rows)

SELECT fact(array[1,2,3]);
   fact    
-----------
 (1, 2, 3)
(1 row)

